// Jest Snapshot v1, https://goo.gl/fbAQLP

exports[`<Select> Snapshots and structure should render correctly 1`] = `
<div
  className="lumx-select lumx-select--has-unique lumx-select lumx-select--is-empty lumx-select--theme-light"
>
  <SelectField
    anchorRef={
      Object {
        "current": null,
      }
    }
    handleKeyboardNav={[Function]}
    hasError={false}
    isEmpty={true}
    isValid={false}
    targetUuid="uuid"
    theme="light"
    value=""
    variant="input"
  />
  <Dropdown
    anchorRef={
      Object {
        "current": null,
      }
    }
    closeOnClick={true}
    closeOnEscape={true}
    onClose={[Function]}
    placement="auto-start"
    showDropdown={false}
  >
    <span>
      Select Component
    </span>
  </Dropdown>
</div>
`;
