// Jest Snapshot v1, https://goo.gl/fbAQLP

exports[`<Tabs> Conditions should fail when no \`Tab\` children is given 1`] = `"Cannot read property '0' of null"`;

exports[`<Tabs> Snapshots and structure should render correctly 1`] = `
<div
  className="lumx-tabs lumx-tabs--layout-fixed lumx-tabs--position-left lumx-tabs--theme-light"
  role="tabpanel"
>
  <div
    className="lumx-tabs__links"
  >
    <Tab
      index={0}
      isActive={true}
      key=".$0"
      onTabClick={[Function]}
    >
      Tab 0
    </Tab>
    <Tab
      index={1}
      isActive={false}
      key=".$1"
      onTabClick={[Function]}
    >
      Tab 1
    </Tab>
  </div>
  <div
    className="lumx-tabs__panes"
  >
    Tab 0
  </div>
</div>
`;
